node.exe : Warning: 
Custom Cache-Control 
headers detected for the 
following routes:
At line:1 char:1
+ & "C:\Program 
Files\nodejs/node.exe" 
"C:\Program 
Files\nodejs/node_mo ...
+ ~~~~~~~~~~~~~~~~~~~~~~~~
~~~~~~~~~~~~~~~~~~~~~~~~~~
~~~~~~~~~~~~~~~~~~~
    + CategoryInfo        
      : NotSpecified: (W  
  arning: Custom...llow   
 ing routes::String) [    
], RemoteException
    + FullyQualifiedError 
   Id : NativeCommandErr  
  or
 
  - /_next/static/(.*)
  - /_next/image(.*)

Setting a custom 
Cache-Control header can 
break Next.js development 
behavior.
Γû▓ Next.js 16.2.1 (Turbopack)
- Environments: .env.local, .env

  Creating an optimized production build ...

> Build error occurred
Error: Turbopack build 
failed with 2 errors:
./src/app/layout.tsx:7:28
`ssr: false` is not 
allowed with 
`next/dynamic` in Server 
Components. Please move 
it into a Client 
Component.
  [90m 5 |[0m ...
  [90m 6 |[0m 
...[90mnents ΓÇö must 
not run on server[0m
[31m[1m>[0m [90m 7 
|[0m ...[33mrsor[0m = 
dynamic(() => [36mimport
[0m([32m'@/components/Act
iveTheoryCursor'[0m), { 
ssr: [36mfalse[0m });
  [90m   |[0m           
[31m[1m^^^^^^^^^^^^^^^^^
^^^^^^^^^^^^^^^^^^^^^^^^^^
^^^^^^^^^^^^^^^^^^^^^^^^^^
^^^[0m
  [90m 8 |[0m ...= 
dynamic(() => [36mimport
[0m([32m'@/components/Fee
dbackModal'[0m), { ssr: 
[36mfalse[0m });
  [90m 9 |[0m ...
  [90m10 |[0m ...t: 
[33mViewport[0m = {

Ecmascript file had an 
error


./src/app/layout.tsx:8:23
`ssr: false` is not 
allowed with 
`next/dynamic` in Server 
Components. Please move 
it into a Client 
Component.
  [90m 6 |[0m 
...[90mly components ΓÇö 
must not run on server[0m
  [90m 7 |[0m 
...[33mTheoryCursor[0m 
= dynamic(() => [36mimpor
t[0m([32m'@/components/A
ctiveTheoryCursor'[0m), 
{ ssr: [36mfalse[0m });
[31m[1m>[0m [90m 8 
|[0m ...[33mckModal[0m 
= dynamic(() => [36mimpor
t[0m([32m'@/components/F
eedbackModal'[0m), { 
ssr: [36mfalse[0m });
  [90m   |[0m           
   [31m[1m^^^^^^^^^^^^^^
^^^^^^^^^^^^^^^^^^^^^^^^^^
^^^^^^^^^^^^^^^^^^^^^^^^^^
^[0m
  [90m 9 |[0m ...
  [90m10 |[0m ... 
viewport: 
[33mViewport[0m = {
  [90m11 |[0m 
...[32mvice-width'[0m,

Ecmascript file had an 
error


    at <unknown> (./src/ap
p/layout.tsx:7:28)
    at <unknown> (./src/ap
p/layout.tsx:8:23)
